// Jest Snapshot v1, https://goo.gl/fbAQLP

exports[`CourseItem Matches DOM Snapshot 1`] = `
<article
  className="courseCardWrapper"
  data-testid="courseItem"
>
  <div
    className="imgWrapper"
  >
    <img
      alt=""
      className="courseImage"
    />
  </div>
  <div
    className="textWrapper"
  >
    <div
      className="infoWrapper"
    >
      <h3
        className="name"
      />
      <p
        className="date"
      />
    </div>
    <div
      className="iconWrapper"
    >
      <p
        className="price"
      >
        <svg
          fill="currentColor"
          height="1em"
          stroke="currentColor"
          strokeWidth="0"
          style={
            Object {
              "color": undefined,
            }
          }
          viewBox="0 0 512 512"
          width="1em"
          xmlns="http://www.w3.org/2000/svg"
        >
          <path
            d="M0 252.118V48C0 21.49 21.49 0 48 0h204.118a48 48 0 0 1 33.941 14.059l211.882 211.882c18.745 18.745 18.745 49.137 0 67.882L293.823 497.941c-18.745 18.745-49.137 18.745-67.882 0L14.059 286.059A48 48 0 0 1 0 252.118zM112 64c-26.51 0-48 21.49-48 48s21.49 48 48 48 48-21.49 48-48-21.49-48-48-48z"
          />
        </svg>
           
        :-
      </p>
      <p
        className="length"
      >
        <svg
          fill="currentColor"
          height="1em"
          stroke="currentColor"
          strokeWidth="0"
          style={
            Object {
              "color": undefined,
            }
          }
          viewBox="0 0 512 512"
          width="1em"
          xmlns="http://www.w3.org/2000/svg"
        >
          <path
            d="M256,8C119,8,8,119,8,256S119,504,256,504,504,393,504,256,393,8,256,8Zm92.49,313h0l-20,25a16,16,0,0,1-22.49,2.5h0l-67-49.72a40,40,0,0,1-15-31.23V112a16,16,0,0,1,16-16h32a16,16,0,0,1,16,16V256l58,42.5A16,16,0,0,1,348.49,321Z"
          />
        </svg>
           
        min
      </p>
    </div>
    <p
      className="info"
    />
    <button
      className="button"
      onClick={[Function]}
    >
      Boka
    </button>
  </div>
</article>
`;
